Looking in indexes: https://download.pytorch.org/whl/cu128
Collecting torch
  Using cached torch-2.11.0%2Bcu128-cp314-cp314-win_amd64.whl.metadata (29 kB)
Collecting filelock (from torch)
  Using cached filelock-3.32.3-py3-none-any.whl.metadata (2.0 kB)
Requirement already satisfied: typing-extensions>=4.10.0 in C:\Users\mobirizer\AppData\Local\Python\pythoncore-3.14-64\Lib\site-packages (from torch) (4.16.0)
Collecting setuptools<82 (from torch)
  Using cached setuptools-78.1.0-py3-none-any.whl.metadata (6.6 kB)
Collecting sympy>=1.13.3 (from torch)
  Using cached sympy-1.14.0-py3-none-any.whl.metadata (12 kB)
Collecting networkx>=2.5.1 (from torch)
  Using cached networkx-3.6.1-py3-none-any.whl.metadata (6.8 kB)
Collecting jinja2 (from torch)
  Using cached jinja2-3.1.6-py3-none-any.whl.metadata (2.9 kB)
Collecting fsspec>=0.8.5 (from torch)
  Using cached fsspec-2026.7.0-py3-none-any.whl.metadata (10 kB)
Collecting mpmath<1.4,>=1.1.0 (from sympy>=1.13.3->torch)
  Using cached mpmath-1.3.0-py3-none-any.whl.metadata (8.6 kB)
Collecting MarkupSafe>=2.0 (from jinja2->torch)
  Using cached markupsafe-3.0.3-cp314-cp314-win_amd64.whl.metadata (2.8 kB)
Downloading torch-2.11.0%2Bcu128-cp314-cp314-win_amd64.whl (2771.0 MB)
   ---------------------------------------- 2.8/2.8 GB 19.8 MB/s  0:01:58
Using cached setuptools-78.1.0-py3-none-any.whl (1.3 MB)
Downloading fsspec-2026.7.0-py3-none-any.whl (206 kB)
Using cached networkx-3.6.1-py3-none-any.whl (2.1 MB)
Using cached sympy-1.14.0-py3-none-any.whl (6.3 MB)
Using cached mpmath-1.3.0-py3-none-any.whl (536 kB)
Downloading filelock-3.32.3-py3-none-any.whl (98 kB)
Using cached jinja2-3.1.6-py3-none-any.whl (134 kB)
Downloading markupsafe-3.0.3-cp314-cp314-win_amd64.whl (15 kB)
Installing collected packages: mpmath, sympy, setuptools, networkx, MarkupSafe, fsspec, filelock, jinja2, torch
  WARNING: The script isympy.exe is installed in 'C:\Users\mobirizer\AppData\Local\Python\pythoncore-3.14-64\Scripts' which is not on PATH.
  Consider adding this directory to PATH or, if you prefer to suppress this warning, use --no-warn-script-location.
  WARNING: The scripts torchfrtrace.exe and torchrun.exe are installed in 'C:\Users\mobirizer\AppData\Local\Python\pythoncore-3.14-64\Scripts' which is not on PATH.
  Consider adding this directory to PATH or, if you prefer to suppress this warning, use --no-warn-script-location.

Successfully installed MarkupSafe-3.0.3 filelock-3.32.3 fsspec-2026.7.0 jinja2-3.1.6 mpmath-1.3.0 networkx-3.6.1 setuptools-78.1.0 sympy-1.14.0 torch-2.11.0+cu128
Collecting bitsandbytes
  Using cached bitsandbytes-0.50.1-py3-none-win_amd64.whl.metadata (11 kB)
Collecting peft
  Using cached peft-0.20.0-py3-none-any.whl.metadata (14 kB)
Collecting trl
  Using cached trl-1.10.0-py3-none-any.whl.metadata (12 kB)
Collecting transformers
  Using cached transformers-5.15.1-py3-none-any.whl.metadata (32 kB)
Collecting accelerate
  Using cached accelerate-1.14.0-py3-none-any.whl.metadata (19 kB)
Collecting datasets
  Using cached datasets-5.0.1-py3-none-any.whl.metadata (23 kB)
Requirement already satisfied: torch<3,>=2.4 in C:\Users\mobirizer\AppData\Local\Python\pythoncore-3.14-64\Lib\site-packages (from bitsandbytes) (2.11.0+cu128)
Collecting numpy>=1.17 (from bitsandbytes)
  Using cached numpy-2.5.2-cp314-cp314-win_amd64.whl.metadata (6.6 kB)
Collecting packaging>=20.9 (from bitsandbytes)
  Using cached packaging-26.3-py3-none-any.whl.metadata (3.5 kB)
Requirement already satisfied: filelock in C:\Users\mobirizer\AppData\Local\Python\pythoncore-3.14-64\Lib\site-packages (from torch<3,>=2.4->bitsandbytes) (3.32.3)
Requirement already satisfied: typing-extensions>=4.10.0 in C:\Users\mobirizer\AppData\Local\Python\pythoncore-3.14-64\Lib\site-packages (from torch<3,>=2.4->bitsandbytes) (4.16.0)
Requirement already satisfied: setuptools<82 in C:\Users\mobirizer\AppData\Local\Python\pythoncore-3.14-64\Lib\site-packages (from torch<3,>=2.4->bitsandbytes) (78.1.0)
Requirement already satisfied: sympy>=1.13.3 in C:\Users\mobirizer\AppData\Local\Python\pythoncore-3.14-64\Lib\site-packages (from torch<3,>=2.4->bitsandbytes) (1.14.0)
Requirement already satisfied: networkx>=2.5.1 in C:\Users\mobirizer\AppData\Local\Python\pythoncore-3.14-64\Lib\site-packages (from torch<3,>=2.4->bitsandbytes) (3.6.1)
Requirement already satisfied: jinja2 in C:\Users\mobirizer\AppData\Local\Python\pythoncore-3.14-64\Lib\site-packages (from torch<3,>=2.4->bitsandbytes) (3.1.6)
Requirement already satisfied: fsspec>=0.8.5 in C:\Users\mobirizer\AppData\Local\Python\pythoncore-3.14-64\Lib\site-packages (from torch<3,>=2.4->bitsandbytes) (2026.7.0)
Collecting psutil (from peft)
  Using cached psutil-7.2.2-cp37-abi3-win_amd64.whl.metadata (22 kB)
Requirement already satisfied: pyyaml in C:\Users\mobirizer\AppData\Local\Python\pythoncore-3.14-64\Lib\site-packages (from peft) (6.0.3)
Collecting tqdm (from peft)
  Using cached tqdm-4.70.0-py3-none-any.whl.metadata (57 kB)
Collecting safetensors (from peft)
  Using cached safetensors-0.8.0-cp310-abi3-win_amd64.whl.metadata (4.2 kB)
Collecting huggingface-hub>=0.25.0 (from peft)
  Using cached huggingface_hub-1.28.0-py3-none-any.whl.metadata (16 kB)
Collecting regex>=2025.10.22 (from transformers)
  Using cached regex-2026.7.19-cp314-cp314-win_amd64.whl.metadata (41 kB)
Collecting tokenizers<=0.23.0,>=0.22.0 (from transformers)
  Using cached tokenizers-0.22.2-cp39-abi3-win_amd64.whl.metadata (7.4 kB)
Collecting typer (from transformers)
  Using cached typer-0.27.1-py3-none-any.whl.metadata (16 kB)
Requirement already satisfied: click<9.0.0,>=8.4.2 in C:\Users\mobirizer\AppData\Local\Python\pythoncore-3.14-64\Lib\site-packages (from huggingface-hub>=0.25.0->peft) (8.4.2)
Collecting hf-xet<2.0.0,>=1.5.2 (from huggingface-hub>=0.25.0->peft)
  Using cached hf_xet-1.6.0-cp38-abi3-win_amd64.whl.metadata (4.9 kB)
Collecting httpx<1,>=0.23.0 (from huggingface-hub>=0.25.0->peft)
  Using cached httpx-0.28.1-py3-none-any.whl.metadata (7.1 kB)
Requirement already satisfied: colorama in C:\Users\mobirizer\AppData\Local\Python\pythoncore-3.14-64\Lib\site-packages (from click<9.0.0,>=8.4.2->huggingface-hub>=0.25.0->peft) (0.4.6)
Requirement already satisfied: anyio in C:\Users\mobirizer\AppData\Local\Python\pythoncore-3.14-64\Lib\site-packages (from httpx<1,>=0.23.0->huggingface-hub>=0.25.0->peft) (4.14.2)
Collecting certifi (from httpx<1,>=0.23.0->huggingface-hub>=0.25.0->peft)
  Using cached certifi-2026.7.22-py3-none-any.whl.metadata (2.5 kB)
Collecting httpcore==1.* (from httpx<1,>=0.23.0->huggingface-hub>=0.25.0->peft)
  Using cached httpcore-1.0.9-py3-none-any.whl.metadata (21 kB)
Requirement already satisfied: idna in C:\Users\mobirizer\AppData\Local\Python\pythoncore-3.14-64\Lib\site-packages (from httpx<1,>=0.23.0->huggingface-hub>=0.25.0->peft) (3.18)
Requirement already satisfied: h11>=0.16 in C:\Users\mobirizer\AppData\Local\Python\pythoncore-3.14-64\Lib\site-packages (from httpcore==1.*->httpx<1,>=0.23.0->huggingface-hub>=0.25.0->peft) (0.16.0)
Collecting pyarrow>=21.0.0 (from datasets)
  Using cached pyarrow-25.0.1-cp314-cp314-win_amd64.whl.metadata (3.0 kB)
Collecting dill<0.4.2,>=0.3.0 (from datasets)
  Using cached dill-0.4.1-py3-none-any.whl.metadata (10 kB)
Collecting pandas (from datasets)
  Using cached pandas-3.0.5-cp314-cp314-win_amd64.whl.metadata (19 kB)
Collecting requests>=2.32.2 (from datasets)
  Using cached requests-2.34.2-py3-none-any.whl.metadata (4.8 kB)
Collecting xxhash (from datasets)
  Using cached xxhash-4.0.1-cp314-cp314-win_amd64.whl.metadata (18 kB)
Collecting multiprocess<0.70.20 (from datasets)
  Using cached multiprocess-0.70.19-py314-none-any.whl.metadata (7.2 kB)
Collecting fsspec>=0.8.5 (from torch<3,>=2.4->bitsandbytes)
  Using cached fsspec-2026.6.0-py3-none-any.whl.metadata (10 kB)
Collecting aiohttp!=4.0.0a0,!=4.0.0a1 (from fsspec[http]<=2026.6.0,>=2023.1.0->datasets)
  Using cached aiohttp-3.14.3-cp314-cp314-win_amd64.whl.metadata (8.5 kB)
Collecting aiohappyeyeballs>=2.5.0 (from aiohttp!=4.0.0a0,!=4.0.0a1->fsspec[http]<=2026.6.0,>=2023.1.0->datasets)
  Using cached aiohappyeyeballs-2.7.1-py3-none-any.whl.metadata (5.9 kB)
Collecting aiosignal>=1.4.0 (from aiohttp!=4.0.0a0,!=4.0.0a1->fsspec[http]<=2026.6.0,>=2023.1.0->datasets)
  Using cached aiosignal-1.4.0-py3-none-any.whl.metadata (3.7 kB)
Collecting attrs>=17.3.0 (from aiohttp!=4.0.0a0,!=4.0.0a1->fsspec[http]<=2026.6.0,>=2023.1.0->datasets)
  Using cached attrs-26.1.0-py3-none-any.whl.metadata (8.8 kB)
Collecting frozenlist>=1.1.1 (from aiohttp!=4.0.0a0,!=4.0.0a1->fsspec[http]<=2026.6.0,>=2023.1.0->datasets)
  Using cached frozenlist-1.8.0-cp314-cp314-win_amd64.whl.metadata (21 kB)
Collecting multidict<7.0,>=4.5 (from aiohttp!=4.0.0a0,!=4.0.0a1->fsspec[http]<=2026.6.0,>=2023.1.0->datasets)
  Using cached multidict-6.7.1-cp314-cp314-win_amd64.whl.metadata (5.5 kB)
Collecting propcache>=0.2.0 (from aiohttp!=4.0.0a0,!=4.0.0a1->fsspec[http]<=2026.6.0,>=2023.1.0->datasets)
  Using cached propcache-0.5.2-cp314-cp314-win_amd64.whl.metadata (17 kB)
Collecting yarl<2.0,>=1.17.0 (from aiohttp!=4.0.0a0,!=4.0.0a1->fsspec[http]<=2026.6.0,>=2023.1.0->datasets)
  Using cached yarl-1.24.5-cp314-cp314-win_amd64.whl.metadata (107 kB)
Collecting charset_normalizer<4,>=2 (from requests>=2.32.2->datasets)
  Using cached charset_normalizer-3.5.1-cp314-cp314-win_amd64.whl.metadata (46 kB)
Collecting urllib3<3,>=1.26 (from requests>=2.32.2->datasets)
  Using cached urllib3-2.7.0-py3-none-any.whl.metadata (6.9 kB)
Requirement already satisfied: mpmath<1.4,>=1.1.0 in C:\Users\mobirizer\AppData\Local\Python\pythoncore-3.14-64\Lib\site-packages (from sympy>=1.13.3->torch<3,>=2.4->bitsandbytes) (1.3.0)
Requirement already satisfied: MarkupSafe>=2.0 in C:\Users\mobirizer\AppData\Local\Python\pythoncore-3.14-64\Lib\site-packages (from jinja2->torch<3,>=2.4->bitsandbytes) (3.0.3)
Collecting python-dateutil>=2.8.2 (from pandas->datasets)
  Using cached python_dateutil-2.9.0.post0-py2.py3-none-any.whl.metadata (8.4 kB)
Collecting tzdata (from pandas->datasets)
  Using cached tzdata-2026.3-py2.py3-none-any.whl.metadata (1.4 kB)
Collecting six>=1.5 (from python-dateutil>=2.8.2->pandas->datasets)
  Using cached six-1.17.0-py2.py3-none-any.whl.metadata (1.7 kB)
Collecting shellingham>=1.3.0 (from typer->transformers)
  Using cached shellingham-1.5.4-py2.py3-none-any.whl.metadata (3.5 kB)
Collecting rich>=13.8.0 (from typer->transformers)
  Using cached rich-15.0.0-py3-none-any.whl.metadata (18 kB)
Requirement already satisfied: annotated-doc>=0.0.2 in C:\Users\mobirizer\AppData\Local\Python\pythoncore-3.14-64\Lib\site-packages (from typer->transformers) (0.0.5)
Collecting markdown-it-py>=2.2.0 (from rich>=13.8.0->typer->transformers)
  Using cached markdown_it_py-4.2.0-py3-none-any.whl.metadata (7.4 kB)
Collecting pygments<3.0.0,>=2.13.0 (from rich>=13.8.0->typer->transformers)
  Using cached pygments-2.21.0-py3-none-any.whl.metadata (2.5 kB)
Collecting mdurl~=0.1 (from markdown-it-py>=2.2.0->rich>=13.8.0->typer->transformers)
  Using cached mdurl-0.1.2-py3-none-any.whl.metadata (1.6 kB)
Downloading bitsandbytes-0.50.1-py3-none-win_amd64.whl (38.0 MB)
   ---------------------------------------- 38.0/38.0 MB 24.3 MB/s  0:00:01
Downloading peft-0.20.0-py3-none-any.whl (775 kB)
   ---------------------------------------- 775.8/775.8 kB 29.8 MB/s  0:00:00
Downloading trl-1.10.0-py3-none-any.whl (925 kB)
   ---------------------------------------- 925.8/925.8 kB 23.2 MB/s  0:00:00
Downloading transformers-5.15.1-py3-none-any.whl (11.7 MB)
   ---------------------------------------- 11.7/11.7 MB 23.7 MB/s  0:00:00
Downloading huggingface_hub-1.28.0-py3-none-any.whl (793 kB)
   ---------------------------------------- 793.2/793.2 kB 23.0 MB/s  0:00:00
Using cached hf_xet-1.6.0-cp38-abi3-win_amd64.whl (4.0 MB)
Using cached httpx-0.28.1-py3-none-any.whl (73 kB)
Using cached httpcore-1.0.9-py3-none-any.whl (78 kB)
Using cached tokenizers-0.22.2-cp39-abi3-win_amd64.whl (2.7 MB)
Using cached accelerate-1.14.0-py3-none-any.whl (389 kB)
Downloading datasets-5.0.1-py3-none-any.whl (559 kB)
   ---------------------------------------- 559.1/559.1 kB 20.3 MB/s  0:00:00
Using cached dill-0.4.1-py3-none-any.whl (120 kB)
Downloading fsspec-2026.6.0-py3-none-any.whl (203 kB)
Downloading multiprocess-0.70.19-py314-none-any.whl (160 kB)
Downloading aiohttp-3.14.3-cp314-cp314-win_amd64.whl (481 kB)
Downloading multidict-6.7.1-cp314-cp314-win_amd64.whl (45 kB)
Downloading yarl-1.24.5-cp314-cp314-win_amd64.whl (99 kB)
Downloading aiohappyeyeballs-2.7.1-py3-none-any.whl (15 kB)
Downloading aiosignal-1.4.0-py3-none-any.whl (7.5 kB)
Downloading attrs-26.1.0-py3-none-any.whl (67 kB)
Downloading frozenlist-1.8.0-cp314-cp314-win_amd64.whl (44 kB)
Downloading numpy-2.5.2-cp314-cp314-win_amd64.whl (12.6 MB)
   ---------------------------------------- 12.6/12.6 MB 22.5 MB/s  0:00:00
Using cached packaging-26.3-py3-none-any.whl (129 kB)
Downloading propcache-0.5.2-cp314-cp314-win_amd64.whl (42 kB)
Downloading pyarrow-25.0.1-cp314-cp314-win_amd64.whl (28.6 MB)
   ---------------------------------------- 28.6/28.6 MB 21.8 MB/s  0:00:01
Downloading regex-2026.7.19-cp314-cp314-win_amd64.whl (280 kB)
Using cached requests-2.34.2-py3-none-any.whl (73 kB)
Downloading charset_normalizer-3.5.1-cp314-cp314-win_amd64.whl (204 kB)
Using cached urllib3-2.7.0-py3-none-any.whl (131 kB)
Using cached certifi-2026.7.22-py3-none-any.whl (136 kB)
Using cached safetensors-0.8.0-cp310-abi3-win_amd64.whl (355 kB)
Using cached tqdm-4.70.0-py3-none-any.whl (80 kB)
Downloading pandas-3.0.5-cp314-cp314-win_amd64.whl (10.0 MB)
   ---------------------------------------- 10.0/10.0 MB 21.7 MB/s  0:00:00
Downloading python_dateutil-2.9.0.post0-py2.py3-none-any.whl (229 kB)
Downloading six-1.17.0-py2.py3-none-any.whl (11 kB)
Using cached psutil-7.2.2-cp37-abi3-win_amd64.whl (137 kB)
Using cached typer-0.27.1-py3-none-any.whl (122 kB)
Using cached rich-15.0.0-py3-none-any.whl (310 kB)
Downloading pygments-2.21.0-py3-none-any.whl (1.3 MB)
   ---------------------------------------- 1.3/1.3 MB 21.6 MB/s  0:00:00
Using cached markdown_it_py-4.2.0-py3-none-any.whl (91 kB)
Using cached mdurl-0.1.2-py3-none-any.whl (10.0 kB)
Using cached shellingham-1.5.4-py2.py3-none-any.whl (9.8 kB)
Downloading tzdata-2026.3-py2.py3-none-any.whl (348 kB)
Downloading xxhash-4.0.1-cp314-cp314-win_amd64.whl (37 kB)
Installing collected packages: xxhash, urllib3, tzdata, tqdm, six, shellingham, safetensors, regex, pygments, pyarrow, psutil, propcache, packaging, numpy, multidict, mdurl, hf-xet, fsspec, frozenlist, dill, charset_normalizer, certifi, attrs, aiohappyeyeballs, yarl, requests, python-dateutil, multiprocess, markdown-it-py, httpcore, aiosignal, rich, pandas, httpx, bitsandbytes, aiohttp, typer, huggingface-hub, tokenizers, datasets, accelerate, transformers, trl, peft
  WARNING: The script tqdm.exe is installed in 'C:\Users\mobirizer\AppData\Local\Python\pythoncore-3.14-64\Scripts' which is not on PATH.
  Consider adding this directory to PATH or, if you prefer to suppress this warning, use --no-warn-script-location.
  WARNING: The script pygmentize.exe is installed in 'C:\Users\mobirizer\AppData\Local\Python\pythoncore-3.14-64\Scripts' which is not on PATH.
  Consider adding this directory to PATH or, if you prefer to suppress this warning, use --no-warn-script-location.
  WARNING: The scripts f2py.exe and numpy-config.exe are installed in 'C:\Users\mobirizer\AppData\Local\Python\pythoncore-3.14-64\Scripts' which is not on PATH.
  Consider adding this directory to PATH or, if you prefer to suppress this warning, use --no-warn-script-location.
  Attempting uninstall: fsspec
    Found existing installation: fsspec 2026.7.0
    Uninstalling fsspec-2026.7.0:
      Successfully uninstalled fsspec-2026.7.0
  WARNING: The script normalizer.exe is installed in 'C:\Users\mobirizer\AppData\Local\Python\pythoncore-3.14-64\Scripts' which is not on PATH.
  Consider adding this directory to PATH or, if you prefer to suppress this warning, use --no-warn-script-location.
  WARNING: The script markdown-it.exe is installed in 'C:\Users\mobirizer\AppData\Local\Python\pythoncore-3.14-64\Scripts' which is not on PATH.
  Consider adding this directory to PATH or, if you prefer to suppress this warning, use --no-warn-script-location.
  WARNING: The script httpx.exe is installed in 'C:\Users\mobirizer\AppData\Local\Python\pythoncore-3.14-64\Scripts' which is not on PATH.
  Consider adding this directory to PATH or, if you prefer to suppress this warning, use --no-warn-script-location.
  WARNING: The script typer.exe is installed in 'C:\Users\mobirizer\AppData\Local\Python\pythoncore-3.14-64\Scripts' which is not on PATH.
  Consider adding this directory to PATH or, if you prefer to suppress this warning, use --no-warn-script-location.
  WARNING: The scripts hf.exe, huggingface-cli.exe and tiny-agents.exe are installed in 'C:\Users\mobirizer\AppData\Local\Python\pythoncore-3.14-64\Scripts' which is not on PATH.
  Consider adding this directory to PATH or, if you prefer to suppress this warning, use --no-warn-script-location.
  WARNING: The script datasets-cli.exe is installed in 'C:\Users\mobirizer\AppData\Local\Python\pythoncore-3.14-64\Scripts' which is not on PATH.
  Consider adding this directory to PATH or, if you prefer to suppress this warning, use --no-warn-script-location.
  WARNING: The scripts accelerate-config.exe, accelerate-estimate-memory.exe, accelerate-launch.exe, accelerate-merge-weights.exe and accelerate.exe are installed in 'C:\Users\mobirizer\AppData\Local\Python\pythoncore-3.14-64\Scripts' which is not on PATH.
  Consider adding this directory to PATH or, if you prefer to suppress this warning, use --no-warn-script-location.
  WARNING: The script transformers.exe is installed in 'C:\Users\mobirizer\AppData\Local\Python\pythoncore-3.14-64\Scripts' which is not on PATH.
  Consider adding this directory to PATH or, if you prefer to suppress this warning, use --no-warn-script-location.
  WARNING: The script trl.exe is installed in 'C:\Users\mobirizer\AppData\Local\Python\pythoncore-3.14-64\Scripts' which is not on PATH.
  Consider adding this directory to PATH or, if you prefer to suppress this warning, use --no-warn-script-location.

Successfully installed accelerate-1.14.0 aiohappyeyeballs-2.7.1 aiohttp-3.14.3 aiosignal-1.4.0 attrs-26.1.0 bitsandbytes-0.50.1 certifi-2026.7.22 charset_normalizer-3.5.1 datasets-5.0.1 dill-0.4.1 frozenlist-1.8.0 fsspec-2026.6.0 hf-xet-1.6.0 httpcore-1.0.9 httpx-0.28.1 huggingface-hub-1.28.0 markdown-it-py-4.2.0 mdurl-0.1.2 multidict-6.7.1 multiprocess-0.70.19 numpy-2.5.2 packaging-26.3 pandas-3.0.5 peft-0.20.0 propcache-0.5.2 psutil-7.2.2 pyarrow-25.0.1 pygments-2.21.0 python-dateutil-2.9.0.post0 regex-2026.7.19 requests-2.34.2 rich-15.0.0 safetensors-0.8.0 shellingham-1.5.4 six-1.17.0 tokenizers-0.22.2 tqdm-4.70.0 transformers-5.15.1 trl-1.10.0 typer-0.27.1 tzdata-2026.3 urllib3-2.7.0 xxhash-4.0.1 yarl-1.24.5
